{"output_type":"lets_plot_spec","output":{"ggtitle":{"text":"Main Title","subtitle":"Subtitle"},"mapping":{},"data":{},"kind":"plot","scales":[{"aesthetic":"y","limits":[null,null]},{"aesthetic":"x","limits":[null,null]}],"layers":[{"mapping":{"x":"x"},"stat":"identity","data":{"x":[1.0,2.0,3.0]},"sampling":"none","y":5.0,"inherit_aes":false,"position":"identity","geom":"line","data_meta":{"series_annotations":[{"type":"int","column":"x"}]}}],"theme":{"name":"grey","axis_ontop":false,"axis_ontop_y":false,"axis_ontop_x":false}},"apply_color_scheme":true,"swing_enabled":true}